2025-10-15 23:23:30,760 - agisdk.REAL.browsergym.experiments.loop - INFO - Running experiment HighPerformanceAgent_on_webclones.omnizon-3_702 in:
  results/2025-10-15_23-23-30_HighPerformanceAgent_on_webclones.omnizon-3_702_f939ffbcf64742dda8d28abf51d71cd9
2025-10-15 23:23:30,769 - agisdk.REAL.browsergym.webclones.base - INFO - Using default run_id: 0
2025-10-15 23:23:30,770 - agisdk.REAL.browsergym.core.env - WARNING - Overriding the task's viewport parameter ({'width': 1280, 'height': 720} => {'width': 1280, 'height': 720}). This might change the task's behaviour and difficulty.
2025-10-15 23:23:36,977 - agisdk.REAL.browsergym.experiments.loop - WARNING - Exception uncaught by agent or environment in task webclones.omnizon-3.
TimeoutError:
Page.goto: Timeout 5000ms exceeded.
Call log:
  - navigating to "https://evals-omnizon.vercel.app/config?run_id=0&task_id=omnizon-3&latency=0", waiting until "load"

Traceback (most recent call last):
  File "/Users/raj/miniconda3/envs/agienv/lib/python3.13/site-packages/agisdk/REAL/browsergym/experiments/loop.py", line 245, in run
    step_info.from_reset(
    ~~~~~~~~~~~~~~~~~~~~^
        env, seed=self.env_args.task_seed, obs_preprocessor=agent.obs_preprocessor
        ^^^^^^^^^^^^^^^^^^^^^^^^^^^^^^^^^^^^^^^^^^^^^^^^^^^^^^^^^^^^^^^^^^^^^^^^^^
    )
    ^
  File "/Users/raj/miniconda3/envs/agienv/lib/python3.13/site-packages/agisdk/REAL/browsergym/experiments/loop.py", line 427, in from_reset
    self.obs, env_info = env.reset(seed=seed)
                         ~~~~~~~~~^^^^^^^^^^^
  File "/Users/raj/miniconda3/envs/agienv/lib/python3.13/site-packages/gymnasium/wrappers/common.py", line 146, in reset
    return super().reset(seed=seed, options=options)
           ~~~~~~~~~~~~~^^^^^^^^^^^^^^^^^^^^^^^^^^^^
  File "/Users/raj/miniconda3/envs/agienv/lib/python3.13/site-packages/gymnasium/core.py", line 333, in reset
    return self.env.reset(seed=seed, options=options)
           ~~~~~~~~~~~~~~^^^^^^^^^^^^^^^^^^^^^^^^^^^^
  File "/Users/raj/miniconda3/envs/agienv/lib/python3.13/site-packages/gymnasium/wrappers/common.py", line 400, in reset
    return super().reset(seed=seed, options=options)
           ~~~~~~~~~~~~~^^^^^^^^^^^^^^^^^^^^^^^^^^^^
  File "/Users/raj/miniconda3/envs/agienv/lib/python3.13/site-packages/gymnasium/core.py", line 333, in reset
    return self.env.reset(seed=seed, options=options)
           ~~~~~~~~~~~~~~^^^^^^^^^^^^^^^^^^^^^^^^^^^^
  File "/Users/raj/miniconda3/envs/agienv/lib/python3.13/site-packages/agisdk/REAL/browsergym/core/env.py", line 372, in reset
    task_goal, task_info = self.task.setup(page=self.page)
                           ~~~~~~~~~~~~~~~^^^^^^^^^^^^^^^^
  File "/Users/raj/miniconda3/envs/agienv/lib/python3.13/site-packages/agisdk/REAL/browsergym/webclones/base.py", line 134, in setup
    self.background_page.goto(config_url)
    ~~~~~~~~~~~~~~~~~~~~~~~~~^^^^^^^^^^^^
  File "/Users/raj/miniconda3/envs/agienv/lib/python3.13/site-packages/playwright/sync_api/_generated.py", line 9019, in goto
    self._sync(
    ~~~~~~~~~~^
        self._impl_obj.goto(
        ^^^^^^^^^^^^^^^^^^^^
            url=url, timeout=timeout, waitUntil=wait_until, referer=referer
            ^^^^^^^^^^^^^^^^^^^^^^^^^^^^^^^^^^^^^^^^^^^^^^^^^^^^^^^^^^^^^^^
        )
        ^
    )
    ^
  File "/Users/raj/miniconda3/envs/agienv/lib/python3.13/site-packages/playwright/_impl/_sync_base.py", line 115, in _sync
    return task.result()
           ~~~~~~~~~~~^^
  File "/Users/raj/miniconda3/envs/agienv/lib/python3.13/site-packages/playwright/_impl/_page.py", line 556, in goto
    return await self._main_frame.goto(**locals_to_params(locals()))
           ^^^^^^^^^^^^^^^^^^^^^^^^^^^^^^^^^^^^^^^^^^^^^^^^^^^^^^^^^
  File "/Users/raj/miniconda3/envs/agienv/lib/python3.13/site-packages/playwright/_impl/_frame.py", line 153, in goto
    await self._channel.send(
        "goto", self._navigation_timeout, locals_to_params(locals())
    )
  File "/Users/raj/miniconda3/envs/agienv/lib/python3.13/site-packages/playwright/_impl/_connection.py", line 69, in send
    return await self._connection.wrap_api_call(
           ^^^^^^^^^^^^^^^^^^^^^^^^^^^^^^^^^^^^^
    ...<3 lines>...
    )
    ^
  File "/Users/raj/miniconda3/envs/agienv/lib/python3.13/site-packages/playwright/_impl/_connection.py", line 558, in wrap_api_call
    raise rewrite_error(error, f"{parsed_st['apiName']}: {error}") from None
playwright._impl._errors.TimeoutError: Page.goto: Timeout 5000ms exceeded.
Call log:
  - navigating to "https://evals-omnizon.vercel.app/config?run_id=0&task_id=omnizon-3&latency=0", waiting until "load"


2025-10-15 23:23:36,977 - agisdk.REAL.browsergym.experiments.loop - ERROR - Error while saving step info in the finally block: 'NoneType' object has no attribute 'pop'
